/*C20*/SET SCHEMA PUBLIC
DISCONNECT
/*C18*/SET SCHEMA PUBLIC
DISCONNECT
/*C19*/SET SCHEMA PUBLIC
DISCONNECT
/*C17*/SET SCHEMA PUBLIC
DISCONNECT
/*C21*/SET SCHEMA PUBLIC
DELETE FROM FUNCIONARIOS WHERE RE=3
INSERT INTO FUNCIONARIOS VALUES(3,'pedro','2022-09-23',4000.00,'pedro@teste.com')
COMMIT
/*C22*/SET SCHEMA PUBLIC
DISCONNECT
/*C21*/DISCONNECT
/*C23*/SET SCHEMA PUBLIC
DISCONNECT
/*C16*/SET SCHEMA PUBLIC
DISCONNECT
/*C24*/SET SCHEMA PUBLIC
DISCONNECT
/*C25*/SET SCHEMA PUBLIC
DISCONNECT
